// Vitest Snapshot v1, https://vitest.dev/guide/snapshot.html

exports[`Maven Plugin E2E Smoke Tests > Snapshot Testing > should snapshot key Maven projects structure 1`] = `
[
  {
    "hasDependencies": false,
    "hasTargets": true,
    "key": "quarkus-parent",
    "name": "io.quarkus:quarkus-parent",
    "targetCount": 40,
    "type": "lib",
  },
  {
    "hasDependencies": true,
    "hasTargets": true,
    "key": "quarkus-core",
    "name": "io.quarkus:quarkus-core-deployment",
    "targetCount": 47,
    "type": "lib",
  },
  {
    "hasDependencies": false,
    "hasTargets": true,
    "key": "arc-parent",
    "name": "io.quarkus.arc:arc-parent",
    "targetCount": 42,
    "type": "lib",
  },
  {
    "hasDependencies": true,
    "hasTargets": true,
    "key": "arc",
    "name": "io.quarkus:quarkus-hibernate-search-backend-elasticsearch-common-deployment",
    "targetCount": 46,
    "type": "lib",
  },
]
`;

exports[`Maven Plugin E2E Smoke Tests > Snapshot Testing > should snapshot overall project statistics 1`] = `
{
  "hasDependencies": true,
  "hasNodes": true,
  "hasValidGraph": true,
  "projectsWithDependencies": 1241,
  "projectsWithTargets": 1267,
  "totalProjects": 1267,
}
`;

exports[`Maven Plugin E2E Smoke Tests > Snapshot Testing > should snapshot quarkus-core project configuration 1`] = `
{
  "data": {
    "implicitDependencies": [],
    "metadata": {
      "artifactId": "quarkus-core",
      "groupId": "io.quarkus",
      "packaging": "jar",
      "targetGroups": {
        "clean": [
          "maven-clean:clean",
          "clean",
        ],
        "compile": [
          "maven-compiler:compile",
          "compile",
        ],
        "deploy": [
          "maven-deploy:deploy",
          "deploy",
        ],
        "generate-resources": [
          "generate-resources",
        ],
        "generate-sources": [
          "generate-sources",
        ],
        "generate-test-resources": [
          "generate-test-resources",
        ],
        "generate-test-sources": [
          "generate-test-sources",
        ],
        "initialize": [
          "buildnumber:create",
          "initialize",
        ],
        "install": [
          "maven-install:install",
          "install",
        ],
        "integration-test": [
          "integration-test",
        ],
        "package": [
          "maven-source:jar-no-fork",
          "maven-jar:jar",
          "package",
        ],
        "post-clean": [
          "post-clean",
        ],
        "post-integration-test": [
          "post-integration-test",
        ],
        "post-site": [
          "post-site",
        ],
        "pre-clean": [
          "pre-clean",
        ],
        "pre-integration-test": [
          "pre-integration-test",
        ],
        "pre-site": [
          "pre-site",
        ],
        "prepare-package": [
          "prepare-package",
        ],
        "process-classes": [
          "process-classes",
        ],
        "process-resources": [
          "quarkus-extension:extension-descriptor",
          "maven-resources:resources",
          "process-resources",
        ],
        "process-sources": [
          "formatter:format",
          "process-sources",
        ],
        "process-test-classes": [
          "process-test-classes",
        ],
        "process-test-resources": [
          "maven-resources:testResources",
          "process-test-resources",
        ],
        "process-test-sources": [
          "process-test-sources",
        ],
        "site": [
          "maven-site:site",
          "site",
        ],
        "site-deploy": [
          "maven-site:deploy",
          "site-deploy",
        ],
        "test": [
          "maven-surefire:test",
          "test",
        ],
        "test-compile": [
          "maven-compiler:testCompile",
          "test-compile",
        ],
        "validate": [
          "maven-enforcer:enforce",
          "validate",
        ],
        "verify": [
          "forbiddenapis:check",
          "verify",
        ],
      },
      "version": "999-SNAPSHOT",
    },
    "name": "io.quarkus:quarkus-core",
    "projectType": "library",
    "root": "core/runtime",
    "sourceRoot": null,
    "tags": [],
    "targets": {
      "buildnumber:create": {
        "configurations": {},
        "dependsOn": [
          "maven-enforcer:enforce",
          "io.quarkus:quarkus-ide-launcher:buildnumber:create",
          "io.quarkus:quarkus-development-mode-spi:buildnumber:create",
          "io.quarkus:quarkus-bootstrap-runner:buildnumber:create",
          "io.quarkus:quarkus-extension-processor:buildnumber:create",
          "io.quarkus:quarkus-bom:buildnumber:create",
        ],
        "executor": "@nx-quarkus/maven-plugin:maven-batch",
        "inputs": [
          "{projectRoot}/pom.xml",
        ],
        "metadata": {
          "description": "Create build metadata",
          "executionId": "get-scm-revision",
          "goal": "create",
          "phase": "initialize",
          "plugin": "org.codehaus.mojo:buildnumber-maven-plugin",
          "technologies": [
            "maven",
          ],
          "type": "goal",
        },
        "options": {
          "failOnError": true,
          "goals": [
            "org.codehaus.mojo:buildnumber-maven-plugin:create",
          ],
          "mavenPluginPath": "maven-plugin",
          "projectRoot": "core/runtime",
          "verbose": true,
        },
        "outputs": [],
        "parallelism": true,
      },
      "clean": {
        "configurations": {},
        "dependsOn": [
          "maven-clean:clean",
        ],
        "executor": "nx:noop",
        "inputs": [],
        "metadata": {
          "description": "Maven lifecycle phase: clean (depends on 0 goals)",
          "executionId": null,
          "goal": null,
          "phase": "clean",
          "plugin": "org.apache.maven:maven-core",
          "technologies": [
            "maven",
          ],
          "type": "phase",
        },
        "options": {},
        "outputs": [],
        "parallelism": true,
      },
      "compile": {
        "configurations": {},
        "dependsOn": [
          "maven-compiler:compile",
        ],
        "executor": "nx:noop",
        "inputs": [],
        "metadata": {
          "description": "Maven lifecycle phase: compile (depends on 0 goals)",
          "executionId": null,
          "goal": null,
          "phase": "compile",
          "plugin": "org.apache.maven:maven-core",
          "technologies": [
            "maven",
          ],
          "type": "phase",
        },
        "options": {},
        "outputs": [],
        "parallelism": true,
      },
      "deploy": {
        "configurations": {},
        "dependsOn": [
          "maven-deploy:deploy",
        ],
        "executor": "nx:noop",
        "inputs": [],
        "metadata": {
          "description": "Maven lifecycle phase: deploy (depends on 0 goals)",
          "executionId": null,
          "goal": null,
          "phase": "deploy",
          "plugin": "org.apache.maven:maven-core",
          "technologies": [
            "maven",
          ],
          "type": "phase",
        },
        "options": {},
        "outputs": [],
        "parallelism": true,
      },
      "forbiddenapis:check": {
        "configurations": {},
        "dependsOn": [
          "maven-enforcer:enforce",
          "buildnumber:create",
          "formatter:format",
          "quarkus-extension:extension-descriptor",
          "maven-resources:resources",
          "maven-compiler:compile",
          "maven-resources:testResources",
          "maven-compiler:testCompile",
          "maven-surefire:test",
          "maven-jar:jar",
        ],
        "executor": "@nx-quarkus/maven-plugin:maven-batch",
        "inputs": [
          "{projectRoot}/pom.xml",
        ],
        "metadata": {
          "description": "forbiddenapis check",
          "executionId": "verify-forbidden-apis",
          "goal": "check",
          "phase": "verify",
          "plugin": "de.thetaphi:forbiddenapis",
          "technologies": [
            "maven",
          ],
          "type": "goal",
        },
        "options": {
          "failOnError": true,
          "goals": [
            "de.thetaphi:forbiddenapis:check",
          ],
          "mavenPluginPath": "maven-plugin",
          "projectRoot": "core/runtime",
          "verbose": true,
        },
        "outputs": [],
        "parallelism": true,
      },
      "formatter:format": {
        "configurations": {},
        "dependsOn": [
          "maven-enforcer:enforce",
          "buildnumber:create",
        ],
        "executor": "@nx-quarkus/maven-plugin:maven-batch",
        "inputs": [
          "{projectRoot}/pom.xml",
        ],
        "metadata": {
          "description": "formatter format",
          "executionId": "default",
          "goal": "format",
          "phase": "process-sources",
          "plugin": "net.revelc.code.formatter:formatter-maven-plugin",
          "technologies": [
            "maven",
          ],
          "type": "goal",
        },
        "options": {
          "failOnError": true,
          "goals": [
            "net.revelc.code.formatter:formatter-maven-plugin:format",
          ],
          "mavenPluginPath": "maven-plugin",
          "projectRoot": "core/runtime",
          "verbose": true,
        },
        "outputs": [],
        "parallelism": true,
      },
      "generate-resources": {
        "configurations": {},
        "dependsOn": [],
        "executor": "nx:noop",
        "inputs": [],
        "metadata": {
          "description": "Maven lifecycle phase: generate-resources (depends on 0 goals)",
          "executionId": null,
          "goal": null,
          "phase": "generate-resources",
          "plugin": "org.apache.maven:maven-core",
          "technologies": [
            "maven",
          ],
          "type": "phase",
        },
        "options": {},
        "outputs": [],
        "parallelism": true,
      },
      "generate-sources": {
        "configurations": {},
        "dependsOn": [],
        "executor": "nx:noop",
        "inputs": [],
        "metadata": {
          "description": "Maven lifecycle phase: generate-sources (depends on 0 goals)",
          "executionId": null,
          "goal": null,
          "phase": "generate-sources",
          "plugin": "org.apache.maven:maven-core",
          "technologies": [
            "maven",
          ],
          "type": "phase",
        },
        "options": {},
        "outputs": [],
        "parallelism": true,
      },
      "generate-test-resources": {
        "configurations": {},
        "dependsOn": [],
        "executor": "nx:noop",
        "inputs": [],
        "metadata": {
          "description": "Maven lifecycle phase: generate-test-resources (depends on 0 goals)",
          "executionId": null,
          "goal": null,
          "phase": "generate-test-resources",
          "plugin": "org.apache.maven:maven-core",
          "technologies": [
            "maven",
          ],
          "type": "phase",
        },
        "options": {},
        "outputs": [],
        "parallelism": true,
      },
      "generate-test-sources": {
        "configurations": {},
        "dependsOn": [],
        "executor": "nx:noop",
        "inputs": [],
        "metadata": {
          "description": "Maven lifecycle phase: generate-test-sources (depends on 0 goals)",
          "executionId": null,
          "goal": null,
          "phase": "generate-test-sources",
          "plugin": "org.apache.maven:maven-core",
          "technologies": [
            "maven",
          ],
          "type": "phase",
        },
        "options": {},
        "outputs": [],
        "parallelism": true,
      },
      "impsort:sort": {
        "configurations": {},
        "dependsOn": [],
        "executor": "@nx-quarkus/maven-plugin:maven-batch",
        "inputs": [
          "{projectRoot}/pom.xml",
        ],
        "metadata": {
          "description": "impsort sort",
          "executionId": "sort-imports",
          "goal": "sort",
          "phase": null,
          "plugin": "net.revelc.code:impsort-maven-plugin",
          "technologies": [
            "maven",
          ],
          "type": "goal",
        },
        "options": {
          "failOnError": true,
          "goals": [
            "net.revelc.code:impsort-maven-plugin:sort",
          ],
          "mavenPluginPath": "maven-plugin",
          "projectRoot": "core/runtime",
          "verbose": true,
        },
        "outputs": [],
        "parallelism": true,
      },
      "initialize": {
        "configurations": {},
        "dependsOn": [
          "buildnumber:create",
        ],
        "executor": "nx:noop",
        "inputs": [],
        "metadata": {
          "description": "Maven lifecycle phase: initialize (depends on 0 goals)",
          "executionId": null,
          "goal": null,
          "phase": "initialize",
          "plugin": "org.apache.maven:maven-core",
          "technologies": [
            "maven",
          ],
          "type": "phase",
        },
        "options": {},
        "outputs": [],
        "parallelism": true,
      },
      "install": {
        "configurations": {},
        "dependsOn": [
          "maven-install:install",
        ],
        "executor": "nx:noop",
        "inputs": [],
        "metadata": {
          "description": "Maven lifecycle phase: install (depends on 0 goals)",
          "executionId": null,
          "goal": null,
          "phase": "install",
          "plugin": "org.apache.maven:maven-core",
          "technologies": [
            "maven",
          ],
          "type": "phase",
        },
        "options": {},
        "outputs": [],
        "parallelism": true,
      },
      "integration-test": {
        "configurations": {},
        "dependsOn": [],
        "executor": "nx:noop",
        "inputs": [],
        "metadata": {
          "description": "Maven lifecycle phase: integration-test (depends on 0 goals)",
          "executionId": null,
          "goal": null,
          "phase": "integration-test",
          "plugin": "org.apache.maven:maven-core",
          "technologies": [
            "maven",
          ],
          "type": "phase",
        },
        "options": {},
        "outputs": [],
        "parallelism": true,
      },
      "maven-clean:clean": {
        "configurations": {},
        "dependsOn": [
          "maven-clean:clean",
          "io.quarkus:quarkus-ide-launcher:maven-clean:clean",
          "io.quarkus:quarkus-development-mode-spi:maven-clean:clean",
          "io.quarkus:quarkus-bootstrap-runner:maven-clean:clean",
          "io.quarkus:quarkus-extension-processor:maven-clean:clean",
          "io.quarkus:quarkus-bom:maven-clean:clean",
        ],
        "executor": "@nx-quarkus/maven-plugin:maven-batch",
        "inputs": [
          "{projectRoot}/pom.xml",
        ],
        "metadata": {
          "description": "maven-clean clean",
          "executionId": "default-clean",
          "goal": "clean",
          "phase": "clean",
          "plugin": "org.apache.maven.plugins:maven-clean-plugin",
          "technologies": [
            "maven",
          ],
          "type": "goal",
        },
        "options": {
          "failOnError": true,
          "goals": [
            "org.apache.maven.plugins:maven-clean-plugin:clean",
          ],
          "mavenPluginPath": "maven-plugin",
          "projectRoot": "core/runtime",
          "verbose": true,
        },
        "outputs": [],
        "parallelism": true,
      },
      "maven-compiler:compile": {
        "configurations": {},
        "dependsOn": [
          "maven-enforcer:enforce",
          "buildnumber:create",
          "formatter:format",
          "quarkus-extension:extension-descriptor",
          "maven-resources:resources",
        ],
        "executor": "@nx-quarkus/maven-plugin:maven-batch",
        "inputs": [
          "{projectRoot}/pom.xml",
          "{projectRoot}/src/main/java/**/*",
        ],
        "metadata": {
          "description": "Compile main sources",
          "executionId": "default-compile",
          "goal": "compile",
          "phase": "compile",
          "plugin": "org.apache.maven.plugins:maven-compiler-plugin",
          "technologies": [
            "maven",
          ],
          "type": "goal",
        },
        "options": {
          "failOnError": true,
          "goals": [
            "org.apache.maven.plugins:maven-compiler-plugin:compile",
          ],
          "mavenPluginPath": "maven-plugin",
          "projectRoot": "core/runtime",
          "verbose": true,
        },
        "outputs": [],
        "parallelism": true,
      },
      "maven-compiler:testCompile": {
        "configurations": {},
        "dependsOn": [
          "maven-enforcer:enforce",
          "buildnumber:create",
          "formatter:format",
          "quarkus-extension:extension-descriptor",
          "maven-resources:resources",
          "maven-compiler:compile",
          "maven-resources:testResources",
        ],
        "executor": "@nx-quarkus/maven-plugin:maven-batch",
        "inputs": [
          "{projectRoot}/pom.xml",
          "{projectRoot}/src/main/java/**/*",
          "{projectRoot}/src/test/java/**/*",
        ],
        "metadata": {
          "description": "Compile test sources",
          "executionId": "default-testCompile",
          "goal": "testCompile",
          "phase": "test-compile",
          "plugin": "org.apache.maven.plugins:maven-compiler-plugin",
          "technologies": [
            "maven",
          ],
          "type": "goal",
        },
        "options": {
          "failOnError": true,
          "goals": [
            "org.apache.maven.plugins:maven-compiler-plugin:testCompile",
          ],
          "mavenPluginPath": "maven-plugin",
          "projectRoot": "core/runtime",
          "verbose": true,
        },
        "outputs": [],
        "parallelism": true,
      },
      "maven-deploy:deploy": {
        "configurations": {},
        "dependsOn": [
          "maven-enforcer:enforce",
          "buildnumber:create",
          "formatter:format",
          "quarkus-extension:extension-descriptor",
          "maven-resources:resources",
          "maven-compiler:compile",
          "maven-resources:testResources",
          "maven-compiler:testCompile",
          "maven-surefire:test",
          "maven-jar:jar",
          "forbiddenapis:check",
          "maven-install:install",
          "io.quarkus:quarkus-ide-launcher:maven-deploy:deploy",
          "io.quarkus:quarkus-development-mode-spi:maven-deploy:deploy",
          "io.quarkus:quarkus-bootstrap-runner:maven-deploy:deploy",
          "io.quarkus:quarkus-extension-processor:maven-deploy:deploy",
          "io.quarkus:quarkus-bom:maven-deploy:deploy",
        ],
        "executor": "@nx-quarkus/maven-plugin:maven-batch",
        "inputs": [
          "{projectRoot}/pom.xml",
        ],
        "metadata": {
          "description": "maven-deploy deploy",
          "executionId": "default-deploy",
          "goal": "deploy",
          "phase": "deploy",
          "plugin": "org.apache.maven.plugins:maven-deploy-plugin",
          "technologies": [
            "maven",
          ],
          "type": "goal",
        },
        "options": {
          "failOnError": true,
          "goals": [
            "org.apache.maven.plugins:maven-deploy-plugin:deploy",
          ],
          "mavenPluginPath": "maven-plugin",
          "projectRoot": "core/runtime",
          "verbose": true,
        },
        "outputs": [],
        "parallelism": true,
      },
      "maven-enforcer:enforce": {
        "configurations": {},
        "dependsOn": [
          "io.quarkus:quarkus-ide-launcher:maven-enforcer:enforce",
          "io.quarkus:quarkus-development-mode-spi:maven-enforcer:enforce",
          "io.quarkus:quarkus-bootstrap-runner:maven-enforcer:enforce",
          "io.quarkus:quarkus-extension-processor:maven-enforcer:enforce",
          "io.quarkus:quarkus-bom:maven-enforcer:enforce",
        ],
        "executor": "@nx-quarkus/maven-plugin:maven-batch",
        "inputs": [
          "{projectRoot}/pom.xml",
        ],
        "metadata": {
          "description": "Enforce build rules",
          "executionId": "enforce",
          "goal": "enforce",
          "phase": "validate",
          "plugin": "org.apache.maven.plugins:maven-enforcer-plugin",
          "technologies": [
            "maven",
          ],
          "type": "goal",
        },
        "options": {
          "failOnError": true,
          "goals": [
            "org.apache.maven.plugins:maven-enforcer-plugin:enforce",
          ],
          "mavenPluginPath": "maven-plugin",
          "projectRoot": "core/runtime",
          "verbose": true,
        },
        "outputs": [],
        "parallelism": true,
      },
      "maven-install:install": {
        "configurations": {},
        "dependsOn": [
          "maven-enforcer:enforce",
          "buildnumber:create",
          "formatter:format",
          "quarkus-extension:extension-descriptor",
          "maven-resources:resources",
          "maven-compiler:compile",
          "maven-resources:testResources",
          "maven-compiler:testCompile",
          "maven-surefire:test",
          "maven-jar:jar",
          "forbiddenapis:check",
          "io.quarkus:quarkus-ide-launcher:maven-install:install",
          "io.quarkus:quarkus-development-mode-spi:maven-install:install",
          "io.quarkus:quarkus-bootstrap-runner:maven-install:install",
          "io.quarkus:quarkus-extension-processor:maven-install:install",
          "io.quarkus:quarkus-bom:maven-install:install",
        ],
        "executor": "@nx-quarkus/maven-plugin:maven-batch",
        "inputs": [
          "{projectRoot}/pom.xml",
        ],
        "metadata": {
          "description": "maven-install install",
          "executionId": "default-install",
          "goal": "install",
          "phase": "install",
          "plugin": "org.apache.maven.plugins:maven-install-plugin",
          "technologies": [
            "maven",
          ],
          "type": "goal",
        },
        "options": {
          "failOnError": true,
          "goals": [
            "org.apache.maven.plugins:maven-install-plugin:install",
          ],
          "mavenPluginPath": "maven-plugin",
          "projectRoot": "core/runtime",
          "verbose": true,
        },
        "outputs": [],
        "parallelism": true,
      },
      "maven-jar:jar": {
        "configurations": {},
        "dependsOn": [
          "maven-enforcer:enforce",
          "buildnumber:create",
          "formatter:format",
          "quarkus-extension:extension-descriptor",
          "maven-resources:resources",
          "maven-compiler:compile",
          "maven-resources:testResources",
          "maven-compiler:testCompile",
          "maven-surefire:test",
          "io.quarkus:quarkus-ide-launcher:maven-source:jar-no-fork",
          "io.quarkus:quarkus-development-mode-spi:maven-source:jar-no-fork",
          "io.quarkus:quarkus-bootstrap-runner:maven-source:jar-no-fork",
          "io.quarkus:quarkus-extension-processor:maven-source:jar-no-fork",
          "io.quarkus:quarkus-bom:maven-source:jar-no-fork",
        ],
        "executor": "@nx-quarkus/maven-plugin:maven-batch",
        "inputs": [
          "{projectRoot}/pom.xml",
        ],
        "metadata": {
          "description": "Create JAR",
          "executionId": "default-jar",
          "goal": "jar",
          "phase": "package",
          "plugin": "org.apache.maven.plugins:maven-jar-plugin",
          "technologies": [
            "maven",
          ],
          "type": "goal",
        },
        "options": {
          "failOnError": true,
          "goals": [
            "org.apache.maven.plugins:maven-jar-plugin:jar",
          ],
          "mavenPluginPath": "maven-plugin",
          "projectRoot": "core/runtime",
          "verbose": true,
        },
        "outputs": [],
        "parallelism": true,
      },
      "maven-resources:resources": {
        "configurations": {},
        "dependsOn": [
          "maven-enforcer:enforce",
          "buildnumber:create",
          "formatter:format",
        ],
        "executor": "@nx-quarkus/maven-plugin:maven-batch",
        "inputs": [
          "{projectRoot}/pom.xml",
        ],
        "metadata": {
          "description": "maven-resources resources",
          "executionId": "default-resources",
          "goal": "resources",
          "phase": "process-resources",
          "plugin": "org.apache.maven.plugins:maven-resources-plugin",
          "technologies": [
            "maven",
          ],
          "type": "goal",
        },
        "options": {
          "failOnError": true,
          "goals": [
            "org.apache.maven.plugins:maven-resources-plugin:resources",
          ],
          "mavenPluginPath": "maven-plugin",
          "projectRoot": "core/runtime",
          "verbose": true,
        },
        "outputs": [],
        "parallelism": true,
      },
      "maven-resources:testResources": {
        "configurations": {},
        "dependsOn": [
          "maven-enforcer:enforce",
          "buildnumber:create",
          "formatter:format",
          "quarkus-extension:extension-descriptor",
          "maven-resources:resources",
          "maven-compiler:compile",
        ],
        "executor": "@nx-quarkus/maven-plugin:maven-batch",
        "inputs": [
          "{projectRoot}/pom.xml",
        ],
        "metadata": {
          "description": "maven-resources testResources",
          "executionId": "default-testResources",
          "goal": "testResources",
          "phase": "process-test-resources",
          "plugin": "org.apache.maven.plugins:maven-resources-plugin",
          "technologies": [
            "maven",
          ],
          "type": "goal",
        },
        "options": {
          "failOnError": true,
          "goals": [
            "org.apache.maven.plugins:maven-resources-plugin:testResources",
          ],
          "mavenPluginPath": "maven-plugin",
          "projectRoot": "core/runtime",
          "verbose": true,
        },
        "outputs": [],
        "parallelism": true,
      },
      "maven-site:deploy": {
        "configurations": {},
        "dependsOn": [
          "maven-enforcer:enforce",
          "buildnumber:create",
          "formatter:format",
          "quarkus-extension:extension-descriptor",
          "maven-resources:resources",
          "maven-compiler:compile",
          "maven-resources:testResources",
          "maven-compiler:testCompile",
          "maven-surefire:test",
          "maven-jar:jar",
          "forbiddenapis:check",
          "maven-install:install",
          "io.quarkus:quarkus-ide-launcher:maven-deploy:deploy",
          "io.quarkus:quarkus-development-mode-spi:maven-deploy:deploy",
          "io.quarkus:quarkus-bootstrap-runner:maven-deploy:deploy",
          "io.quarkus:quarkus-extension-processor:maven-deploy:deploy",
          "io.quarkus:quarkus-bom:maven-deploy:deploy",
        ],
        "executor": "@nx-quarkus/maven-plugin:maven-batch",
        "inputs": [
          "{projectRoot}/pom.xml",
        ],
        "metadata": {
          "description": "maven-site deploy",
          "executionId": "default-deploy",
          "goal": "deploy",
          "phase": "site-deploy",
          "plugin": "org.apache.maven.plugins:maven-site-plugin",
          "technologies": [
            "maven",
          ],
          "type": "goal",
        },
        "options": {
          "failOnError": true,
          "goals": [
            "org.apache.maven.plugins:maven-site-plugin:deploy",
          ],
          "mavenPluginPath": "maven-plugin",
          "projectRoot": "core/runtime",
          "verbose": true,
        },
        "outputs": [],
        "parallelism": true,
      },
      "maven-site:site": {
        "configurations": {},
        "dependsOn": [
          "io.quarkus:quarkus-ide-launcher:maven-site:site",
          "io.quarkus:quarkus-development-mode-spi:maven-site:site",
          "io.quarkus:quarkus-bootstrap-runner:maven-site:site",
          "io.quarkus:quarkus-extension-processor:maven-site:site",
          "io.quarkus:quarkus-bom:maven-site:site",
        ],
        "executor": "@nx-quarkus/maven-plugin:maven-batch",
        "inputs": [
          "{projectRoot}/pom.xml",
          "{projectRoot}/src/main/java/**/*",
        ],
        "metadata": {
          "description": "Generate site documentation",
          "executionId": "default-site",
          "goal": "site",
          "phase": "site",
          "plugin": "org.apache.maven.plugins:maven-site-plugin",
          "technologies": [
            "maven",
          ],
          "type": "goal",
        },
        "options": {
          "failOnError": true,
          "goals": [
            "org.apache.maven.plugins:maven-site-plugin:site",
          ],
          "mavenPluginPath": "maven-plugin",
          "projectRoot": "core/runtime",
          "verbose": true,
        },
        "outputs": [],
        "parallelism": true,
      },
      "maven-source:jar-no-fork": {
        "configurations": {},
        "dependsOn": [
          "maven-enforcer:enforce",
          "buildnumber:create",
          "formatter:format",
          "quarkus-extension:extension-descriptor",
          "maven-resources:resources",
          "maven-compiler:compile",
          "maven-resources:testResources",
          "maven-compiler:testCompile",
          "maven-surefire:test",
          "io.quarkus:quarkus-ide-launcher:maven-source:jar-no-fork",
          "io.quarkus:quarkus-development-mode-spi:maven-source:jar-no-fork",
          "io.quarkus:quarkus-bootstrap-runner:maven-source:jar-no-fork",
          "io.quarkus:quarkus-extension-processor:maven-source:jar-no-fork",
          "io.quarkus:quarkus-bom:maven-source:jar-no-fork",
        ],
        "executor": "@nx-quarkus/maven-plugin:maven-batch",
        "inputs": [
          "{projectRoot}/pom.xml",
          "{projectRoot}/src/main/java/**/*",
          "{projectRoot}/src/test/java/**/*",
          "{projectRoot}/src/main/resources/**/*",
          "{projectRoot}/src/test/resources/**/*",
        ],
        "metadata": {
          "description": "maven-source jar-no-fork",
          "executionId": "attach-sources",
          "goal": "jar-no-fork",
          "phase": "package",
          "plugin": "org.apache.maven.plugins:maven-source-plugin",
          "technologies": [
            "maven",
          ],
          "type": "goal",
        },
        "options": {
          "failOnError": true,
          "goals": [
            "org.apache.maven.plugins:maven-source-plugin:jar-no-fork",
          ],
          "mavenPluginPath": "maven-plugin",
          "projectRoot": "core/runtime",
          "verbose": true,
        },
        "outputs": [],
        "parallelism": true,
      },
      "maven-surefire:test": {
        "configurations": {},
        "dependsOn": [
          "maven-enforcer:enforce",
          "buildnumber:create",
          "formatter:format",
          "quarkus-extension:extension-descriptor",
          "maven-resources:resources",
          "maven-compiler:compile",
          "maven-resources:testResources",
          "maven-compiler:testCompile",
        ],
        "executor": "@nx-quarkus/maven-plugin:maven-batch",
        "inputs": [
          "{projectRoot}/pom.xml",
          "{projectRoot}/src/main/java/**/*",
          "{projectRoot}/src/test/java/**/*",
        ],
        "metadata": {
          "description": "Run tests",
          "executionId": "default-test",
          "goal": "test",
          "phase": "test",
          "plugin": "org.apache.maven.plugins:maven-surefire-plugin",
          "technologies": [
            "maven",
          ],
          "type": "goal",
        },
        "options": {
          "failOnError": true,
          "goals": [
            "org.apache.maven.plugins:maven-surefire-plugin:test",
          ],
          "mavenPluginPath": "maven-plugin",
          "projectRoot": "core/runtime",
          "verbose": true,
        },
        "outputs": [],
        "parallelism": true,
      },
      "package": {
        "configurations": {},
        "dependsOn": [
          "maven-source:jar-no-fork",
          "maven-jar:jar",
        ],
        "executor": "nx:noop",
        "inputs": [],
        "metadata": {
          "description": "Maven lifecycle phase: package (depends on 0 goals)",
          "executionId": null,
          "goal": null,
          "phase": "package",
          "plugin": "org.apache.maven:maven-core",
          "technologies": [
            "maven",
          ],
          "type": "phase",
        },
        "options": {},
        "outputs": [],
        "parallelism": true,
      },
      "post-clean": {
        "configurations": {},
        "dependsOn": [],
        "executor": "nx:noop",
        "inputs": [],
        "metadata": {
          "description": "Maven lifecycle phase: post-clean (depends on 0 goals)",
          "executionId": null,
          "goal": null,
          "phase": "post-clean",
          "plugin": "org.apache.maven:maven-core",
          "technologies": [
            "maven",
          ],
          "type": "phase",
        },
        "options": {},
        "outputs": [],
        "parallelism": true,
      },
      "post-integration-test": {
        "configurations": {},
        "dependsOn": [],
        "executor": "nx:noop",
        "inputs": [],
        "metadata": {
          "description": "Maven lifecycle phase: post-integration-test (depends on 0 goals)",
          "executionId": null,
          "goal": null,
          "phase": "post-integration-test",
          "plugin": "org.apache.maven:maven-core",
          "technologies": [
            "maven",
          ],
          "type": "phase",
        },
        "options": {},
        "outputs": [],
        "parallelism": true,
      },
      "post-site": {
        "configurations": {},
        "dependsOn": [],
        "executor": "nx:noop",
        "inputs": [],
        "metadata": {
          "description": "Maven lifecycle phase: post-site (depends on 0 goals)",
          "executionId": null,
          "goal": null,
          "phase": "post-site",
          "plugin": "org.apache.maven:maven-core",
          "technologies": [
            "maven",
          ],
          "type": "phase",
        },
        "options": {},
        "outputs": [],
        "parallelism": true,
      },
      "pre-clean": {
        "configurations": {},
        "dependsOn": [],
        "executor": "nx:noop",
        "inputs": [],
        "metadata": {
          "description": "Maven lifecycle phase: pre-clean (depends on 0 goals)",
          "executionId": null,
          "goal": null,
          "phase": "pre-clean",
          "plugin": "org.apache.maven:maven-core",
          "technologies": [
            "maven",
          ],
          "type": "phase",
        },
        "options": {},
        "outputs": [],
        "parallelism": true,
      },
      "pre-integration-test": {
        "configurations": {},
        "dependsOn": [],
        "executor": "nx:noop",
        "inputs": [],
        "metadata": {
          "description": "Maven lifecycle phase: pre-integration-test (depends on 0 goals)",
          "executionId": null,
          "goal": null,
          "phase": "pre-integration-test",
          "plugin": "org.apache.maven:maven-core",
          "technologies": [
            "maven",
          ],
          "type": "phase",
        },
        "options": {},
        "outputs": [],
        "parallelism": true,
      },
      "pre-site": {
        "configurations": {},
        "dependsOn": [],
        "executor": "nx:noop",
        "inputs": [],
        "metadata": {
          "description": "Maven lifecycle phase: pre-site (depends on 0 goals)",
          "executionId": null,
          "goal": null,
          "phase": "pre-site",
          "plugin": "org.apache.maven:maven-core",
          "technologies": [
            "maven",
          ],
          "type": "phase",
        },
        "options": {},
        "outputs": [],
        "parallelism": true,
      },
      "prepare-package": {
        "configurations": {},
        "dependsOn": [],
        "executor": "nx:noop",
        "inputs": [],
        "metadata": {
          "description": "Maven lifecycle phase: prepare-package (depends on 0 goals)",
          "executionId": null,
          "goal": null,
          "phase": "prepare-package",
          "plugin": "org.apache.maven:maven-core",
          "technologies": [
            "maven",
          ],
          "type": "phase",
        },
        "options": {},
        "outputs": [],
        "parallelism": true,
      },
      "process-classes": {
        "configurations": {},
        "dependsOn": [],
        "executor": "nx:noop",
        "inputs": [],
        "metadata": {
          "description": "Maven lifecycle phase: process-classes (depends on 0 goals)",
          "executionId": null,
          "goal": null,
          "phase": "process-classes",
          "plugin": "org.apache.maven:maven-core",
          "technologies": [
            "maven",
          ],
          "type": "phase",
        },
        "options": {},
        "outputs": [],
        "parallelism": true,
      },
      "process-resources": {
        "configurations": {},
        "dependsOn": [
          "quarkus-extension:extension-descriptor",
          "maven-resources:resources",
        ],
        "executor": "nx:noop",
        "inputs": [],
        "metadata": {
          "description": "Maven lifecycle phase: process-resources (depends on 0 goals)",
          "executionId": null,
          "goal": null,
          "phase": "process-resources",
          "plugin": "org.apache.maven:maven-core",
          "technologies": [
            "maven",
          ],
          "type": "phase",
        },
        "options": {},
        "outputs": [],
        "parallelism": true,
      },
      "process-sources": {
        "configurations": {},
        "dependsOn": [
          "formatter:format",
        ],
        "executor": "nx:noop",
        "inputs": [],
        "metadata": {
          "description": "Maven lifecycle phase: process-sources (depends on 0 goals)",
          "executionId": null,
          "goal": null,
          "phase": "process-sources",
          "plugin": "org.apache.maven:maven-core",
          "technologies": [
            "maven",
          ],
          "type": "phase",
        },
        "options": {},
        "outputs": [],
        "parallelism": true,
      },
      "process-test-classes": {
        "configurations": {},
        "dependsOn": [],
        "executor": "nx:noop",
        "inputs": [],
        "metadata": {
          "description": "Maven lifecycle phase: process-test-classes (depends on 0 goals)",
          "executionId": null,
          "goal": null,
          "phase": "process-test-classes",
          "plugin": "org.apache.maven:maven-core",
          "technologies": [
            "maven",
          ],
          "type": "phase",
        },
        "options": {},
        "outputs": [],
        "parallelism": true,
      },
      "process-test-resources": {
        "configurations": {},
        "dependsOn": [
          "maven-resources:testResources",
        ],
        "executor": "nx:noop",
        "inputs": [],
        "metadata": {
          "description": "Maven lifecycle phase: process-test-resources (depends on 0 goals)",
          "executionId": null,
          "goal": null,
          "phase": "process-test-resources",
          "plugin": "org.apache.maven:maven-core",
          "technologies": [
            "maven",
          ],
          "type": "phase",
        },
        "options": {},
        "outputs": [],
        "parallelism": true,
      },
      "process-test-sources": {
        "configurations": {},
        "dependsOn": [],
        "executor": "nx:noop",
        "inputs": [],
        "metadata": {
          "description": "Maven lifecycle phase: process-test-sources (depends on 0 goals)",
          "executionId": null,
          "goal": null,
          "phase": "process-test-sources",
          "plugin": "org.apache.maven:maven-core",
          "technologies": [
            "maven",
          ],
          "type": "phase",
        },
        "options": {},
        "outputs": [],
        "parallelism": true,
      },
      "quarkus-extension:build": {
        "configurations": {},
        "dependsOn": [],
        "executor": "@nx-quarkus/maven-plugin:maven-batch",
        "inputs": [
          "{projectRoot}/pom.xml",
        ],
        "metadata": {
          "description": "Build application",
          "executionId": null,
          "goal": "build",
          "phase": null,
          "plugin": "io.quarkus:quarkus-extension-maven-plugin",
          "technologies": [
            "maven",
          ],
          "type": "goal",
        },
        "options": {
          "failOnError": true,
          "goals": [
            "io.quarkus:quarkus-extension-maven-plugin:build",
          ],
          "mavenPluginPath": "maven-plugin",
          "projectRoot": "core/runtime",
          "verbose": true,
        },
        "outputs": [],
        "parallelism": true,
      },
      "quarkus-extension:dev": {
        "configurations": {},
        "dependsOn": [],
        "executor": "@nx-quarkus/maven-plugin:maven-batch",
        "inputs": [
          "{projectRoot}/pom.xml",
        ],
        "metadata": {
          "description": "Start development mode",
          "executionId": null,
          "goal": "dev",
          "phase": null,
          "plugin": "io.quarkus:quarkus-extension-maven-plugin",
          "technologies": [
            "maven",
          ],
          "type": "goal",
        },
        "options": {
          "failOnError": true,
          "goals": [
            "io.quarkus:quarkus-extension-maven-plugin:dev",
          ],
          "mavenPluginPath": "maven-plugin",
          "projectRoot": "core/runtime",
          "verbose": true,
        },
        "outputs": [],
        "parallelism": true,
      },
      "quarkus-extension:extension-descriptor": {
        "configurations": {},
        "dependsOn": [
          "maven-enforcer:enforce",
          "buildnumber:create",
          "formatter:format",
        ],
        "executor": "@nx-quarkus/maven-plugin:maven-batch",
        "inputs": [
          "{projectRoot}/pom.xml",
        ],
        "metadata": {
          "description": "quarkus-extension extension-descriptor",
          "executionId": "generate-extension-descriptor",
          "goal": "extension-descriptor",
          "phase": "process-resources",
          "plugin": "io.quarkus:quarkus-extension-maven-plugin",
          "technologies": [
            "maven",
          ],
          "type": "goal",
        },
        "options": {
          "failOnError": true,
          "goals": [
            "io.quarkus:quarkus-extension-maven-plugin:extension-descriptor",
          ],
          "mavenPluginPath": "maven-plugin",
          "projectRoot": "core/runtime",
          "verbose": true,
        },
        "outputs": [],
        "parallelism": true,
      },
      "site": {
        "configurations": {},
        "dependsOn": [
          "maven-site:site",
        ],
        "executor": "nx:noop",
        "inputs": [],
        "metadata": {
          "description": "Maven lifecycle phase: site (depends on 0 goals)",
          "executionId": null,
          "goal": null,
          "phase": "site",
          "plugin": "org.apache.maven:maven-core",
          "technologies": [
            "maven",
          ],
          "type": "phase",
        },
        "options": {},
        "outputs": [],
        "parallelism": true,
      },
      "site-deploy": {
        "configurations": {},
        "dependsOn": [
          "maven-site:deploy",
        ],
        "executor": "nx:noop",
        "inputs": [],
        "metadata": {
          "description": "Maven lifecycle phase: site-deploy (depends on 0 goals)",
          "executionId": null,
          "goal": null,
          "phase": "site-deploy",
          "plugin": "org.apache.maven:maven-core",
          "technologies": [
            "maven",
          ],
          "type": "phase",
        },
        "options": {},
        "outputs": [],
        "parallelism": true,
      },
      "test": {
        "configurations": {},
        "dependsOn": [
          "maven-surefire:test",
        ],
        "executor": "nx:noop",
        "inputs": [],
        "metadata": {
          "description": "Maven lifecycle phase: test (depends on 0 goals)",
          "executionId": null,
          "goal": null,
          "phase": "test",
          "plugin": "org.apache.maven:maven-core",
          "technologies": [
            "maven",
          ],
          "type": "phase",
        },
        "options": {},
        "outputs": [],
        "parallelism": true,
      },
      "test-compile": {
        "configurations": {},
        "dependsOn": [
          "maven-compiler:testCompile",
        ],
        "executor": "nx:noop",
        "inputs": [],
        "metadata": {
          "description": "Maven lifecycle phase: test-compile (depends on 0 goals)",
          "executionId": null,
          "goal": null,
          "phase": "test-compile",
          "plugin": "org.apache.maven:maven-core",
          "technologies": [
            "maven",
          ],
          "type": "phase",
        },
        "options": {},
        "outputs": [],
        "parallelism": true,
      },
      "validate": {
        "configurations": {},
        "dependsOn": [
          "maven-enforcer:enforce",
        ],
        "executor": "nx:noop",
        "inputs": [],
        "metadata": {
          "description": "Maven lifecycle phase: validate (depends on 0 goals)",
          "executionId": null,
          "goal": null,
          "phase": "validate",
          "plugin": "org.apache.maven:maven-core",
          "technologies": [
            "maven",
          ],
          "type": "phase",
        },
        "options": {},
        "outputs": [],
        "parallelism": true,
      },
      "verify": {
        "configurations": {},
        "dependsOn": [
          "forbiddenapis:check",
        ],
        "executor": "nx:noop",
        "inputs": [],
        "metadata": {
          "description": "Maven lifecycle phase: verify (depends on 0 goals)",
          "executionId": null,
          "goal": null,
          "phase": "verify",
          "plugin": "org.apache.maven:maven-core",
          "technologies": [
            "maven",
          ],
          "type": "phase",
        },
        "options": {},
        "outputs": [],
        "parallelism": true,
      },
    },
  },
  "name": "io.quarkus:quarkus-core",
  "type": "lib",
}
`;

exports[`Maven Plugin E2E Smoke Tests > Snapshot Testing > should snapshot quarkus-core project dependencies 1`] = `
[
  {
    "source": "io.quarkus:quarkus-core",
    "target": "io.quarkus:quarkus-ide-launcher",
    "type": "STATIC",
  },
  {
    "source": "io.quarkus:quarkus-core",
    "target": "io.quarkus:quarkus-development-mode-spi",
    "type": "STATIC",
  },
  {
    "source": "io.quarkus:quarkus-core",
    "target": "io.quarkus:quarkus-bootstrap-runner",
    "type": "STATIC",
  },
  {
    "source": "io.quarkus:quarkus-core",
    "target": "io.quarkus:quarkus-extension-processor",
    "type": "STATIC",
  },
  {
    "source": "io.quarkus:quarkus-core",
    "target": "io.quarkus:quarkus-bom",
    "type": "STATIC",
  },
]
`;
